// Jest Snapshot v1, https://goo.gl/fbAQLP

exports[`sticker api findAll /api/v1/stickers 1`] = `Array []`;
